---
source: src/strucvars/eval/dup/section2.rs
expression: res
---
- G2:
    G2I:
      suggested_score: 0.9
      pvs1_result: Pvs1
      hi_genes:
        - hgnc_id: "HGNC:2201"
          hgnc_symbol: COL3A1
          ensembl_gene_id: ENSG00000168542
          ncbi_gene_id: "1281"

