---
source: src/strucvars/eval/dup/section4.rs
expression: evaluator.evaluate(&strucvar)?
---
- G4:
    G4O:
      suggested_score: 0
      overlaps:
        - overlap: 1
          record:
            exac_cnv:
              chrom: "10"
              start: 92994
              stop: 95183
              sv_type: 1
              population: 3
        - overlap: 1
          record:
            exac_cnv:
              chrom: "10"
              start: 92994
              stop: 95183
              sv_type: 1
              population: 3

