---
source: src/strucvars/eval/dup/section4.rs
expression: evaluator.handle_gnomad_sv(&sv_interval)?
---
g4:
  g4o:
    suggested_score: 0
    overlaps:
      - overlap: 1
        record:
          exac_cnv:
            chrom: "10"
            start: 92994
            stop: 95183
            svType: CNV_TYPE_DUP
            population: POPULATION_FIN
      - overlap: 1
        record:
          exac_cnv:
            chrom: "10"
            start: 92994
            stop: 95183
            svType: CNV_TYPE_DUP
            population: POPULATION_FIN

