---
source: src/strucvars/eval/dup/section2.rs
expression: res
---
- g2:
    g2d:
      suggested_score: -1
      benign_region:
        iscaId: ISCA-46459
        iscaRegionName: 11q14.3 population region (gnomAD-SV_v2.1_DUP_11_33042)
        genomicLocation: "chr11:89786909-89923863"
        haploinsufficiencyScore: CLINGEN_DOSAGE_SCORE_NO_EVIDENCE_AVAILABLE
        triplosensitivityScore: CLINGEN_DOSAGE_SCORE_UNLIKELY

