---
source: src/strucvars/eval/dup/section2.rs
expression: res
---
- g2:
    g2_g:
      suggested_score: 0
      benign_region:
        isca_id: ISCA-37405
        isca_region_name: 2q13 recurrent region (includes NPHP1)
        genomic_location: "2:110862108-110983703"
        haploinsufficiency_score: gene_associated_with_recessive_phenotype
        triplosensitivity_score: dosage_sensitivity_unlikely
        haploinsufficiency_disease_id: ~
        triplosensitivity_disease_id: ~
      genes:
        - hgnc_id: "HGNC:39941"
          hgnc_symbol: LIMS4
          ensembl_gene_id: ENSG00000256671
          ncbi_gene_id: "100288695"
      functional_elements: []
- g2:
    g2_l:
      suggested_score: 0.45
      genes:
        - hgnc_id: "HGNC:6818"
          hgnc_symbol: MALL
          ensembl_gene_id: ENSG00000144063
          ncbi_gene_id: "7851"

