---
source: src/strucvars/eval/dup/mod.rs
expression: result
---
- g1:
    g1b: {}
- g3:
    g3a:
      suggested_score: 0
      num_genes: 0
      genes: []

