---
source: src/strucvars/eval/del/section2.rs
expression: res
---
- L2:
    L2B: {}
- L2:
    L2E:
      suggested_score: 0.9
      pvs1_result: Pvs1

