---
source: src/strucvars/eval/del/section2.rs
expression: res
---
- l2:
    l2b: {}
- l2:
    l2d3:
      suggested_score: 0.3
      gene:
        hgnc_id: "HGNC:603"
        hgnc_symbol: APOB
        ensembl_gene_id: ENSG00000084674
        ncbi_gene_id: "338"

