---
source: src/strucvars/eval/del/section2.rs
expression: regions
---
[]

