---
source: src/strucvars/eval/del/mod.rs
expression: result
---
- l1:
    l1_b: {}
- l3:
    l3_a:
      suggested_score: 0
      num_genes: 0
      genes: []

