---
source: src/strucvars/eval/mod.rs
expression: result
---
- exac_cnv:
    chrom: "10"
    start: 92994
    stop: 95183
    svType: CNV_TYPE_DUP
    population: POPULATION_FIN
- exac_cnv:
    chrom: "10"
    start: 92994
    stop: 95183
    svType: CNV_TYPE_DUP
    population: POPULATION_FIN

