---
source: src/strucvars/eval/mod.rs
expression: result
---
- release: GRCh37
  chromosome: "21"
  start: 1
  stop: 48129895
  innerStop: 1
  outerStop: 48129895
  variantType: VARIANT_TYPE_DUPLICATION
  vcv: VCV001321998
  referenceAssertions:
    - rcv: RCV001780078
      title: "GRCh37/hg19 21p13-q22.3(chr21:1-48129895)x3 AND See cases"
      clinicalSignificance: CLINICAL_SIGNIFICANCE_PATHOGENIC
      reviewStatus: REVIEW_STATUS_CRITERIA_PROVIDED_SINGLE_SUBMITTER

