---
source: src/strucvars/eval/mod.rs
expression: res
---
dbnsfp:
  geneName: PIWIL3
  ensemblGene: ENSG00000184571
  chr: "22"
  geneOtherNames:
    - HIWI3
  uniprotAcc: Q7Z3Z3
  uniprotId: PIWL3_HUMAN
  entrezGeneId: "440822"
  ccdsId:
    - CCDS33623
  refseqId:
    - NM_001008496
  ucscId: uc003abd.3
  mimId:
    - "610314"
  omimId:
    - "610314"
  geneFullName: piwi like RNA-mediated gene silencing 3
  pathwayUniprot: "."
  functionDescription:
    - "FUNCTION: May play a role during spermatogenesis by repressing transposable elements and preventing their mobilization, which is essential for the germline integrity. Acts via the piRNA metabolic process, which mediates the repression of transposable elements during meiosis by forming complexes composed of piRNAs and Piwi proteins and govern the methylation and subsequent repression of transposons. Directly binds piRNAs, a class of 24 to 30 nucleotide RNAs that are generated by a Dicer-independent mechanism and are primarily derived from transposons and other repeated sequence elements. Besides their function in transposable elements repression, piRNAs are probably involved in other processes during meiosis such as translation regulation (By similarity). {ECO:0000250|UniProtKB:Q9JMB7}."
  traitAssociationGwas:
    - "Acne (severe)[24927181]"
    - "Night sleep phenotypes[27126917]"
  goBiologicalProcess:
    - regulation of translation
    - multicellular organism development
    - spermatogenesis
    - cell differentiation
    - gene silencing by RNA
    - meiotic cell cycle
  goCellularComponent:
    - nucleus
    - cytoplasm
  goMolecularFunction:
    - RNA binding
  tissueSpecificityUniprot:
    - "Expressed in testis. {ECO:0000269|PubMed:12906857}."
  expressionEgenetics:
    - unclassifiable (Anatomical System)
  expressionGnfAtlas:
    - ciliary ganglion
    - superior cervical ganglion
    - trigeminal ganglion
  interactionsBiogrid:
    - "DICER1[12906857]"
    - "FBXL13[29348145]"
  interactionsConsensusPathDb:
    - "DICER1[0.594]"
  haploinsufficiency: 0.09051
  hipredScore: 0.111908376216888
  hipred: N
  prec: 0.0854
  knownRecInfo: "."
  rvisEvs: 2.43
  rvisPercentileEvs: 98.54
  lofFdrExac: 0.8587818
  rvisExac: 2.613893249
  rvisPercentileExac: 99.21691464
  exacPli: 0.0000000000000000000000000986575487560156
  exacPrec: 0.000441109599358054
  exacPnull: 0.999558890400642
  exacNontcgaPli: 0.000000000000000000000000723397753849485
  exacNontcgaPrec: 0.000384762873530932
  exacNontcgaPnull: 0.999615237126469
  exacNonpsychPli: 0.000000000000000000000000310046142914111
  exacNonpsychPrec: 0.000215077206908964
  exacNonpsychPnull: 0.999784922793091
  gnomadPli: 0.000000000000000000000000000016024
  gnomadPrec: 0.000071199
  gnomadPnull: 0.99993
  exacDelScore: -2.62354415217069
  exacDupScore: -0.717603053830177
  exacCnvScore: -1.53626005784199
  exacCnvFlag: Y
  gdi: 652.20821
  gdiPhred: 5.12305
  gdpAllDiseaseCausing: Medium
  gdpAllMendelian: Medium
  gdpAllMendelianAd: Medium
  gdpMendelianAr: Medium
  gdpPid: Medium
  gdpPidAd: Medium
  gdpPidAr: Medium
  gdpCancer: Medium
  gdbCancerRec: Medium
  gdpCancerDom: Medium
  loftoolScore: 0.996
  sorvaLofMaf5HetOrHom: 0.009984025559105431
  sorvaLofMaf5HomOrComphet: 0
  sorvaLofMaf1HetOrHom: 0.003993610223642172
  sorvaLofMaf1HomOrComphet: 0
  sorvaLofOrMisMaf5HetOrHom: 0.10742811501597443
  sorvaLofOrMisMaf5HomOrComphet: 0.019568690095846646
  sorvaLofOrMisMaf1HetOrHom: 0.039936102236421724
  sorvaLofOrMisMaf1HomOrComphet: 0.003594249201277955
  essentialGene: "."
  essentialGeneCrispr: N
  essentialGeneCrispr2: N
  essentialGeneGeneTrap: N
  geneIndispensabilityScore: 0.756920007413385
  geneIndispensabilityPred: E
  mgiMouseGene: "."
  mgiMousePhenotype: "."
  zfinZebrafishGene: "."
  zfinZebrafishStructure: "."
  zfinZebrafishPhenotypeQuality: "."
  zfinZebrafishPhenotypeTag: "."
gnomadConstraints:
  ensemblGeneId: ENSG00000184571
  entrezId: "440822"
  geneSymbol: PIWIL3
  expLof: 50.811
  expMis: 498.16
  expSyn: 177.72
  misZ: -0.013357
  obsLof: 49
  obsMis: 499
  obsSyn: 172
  oeLof: 0.96436
  oeLofLower: 0.766
  oeLofUpper: 1.224
  oeMis: 1.0017
  oeMisLower: 0.93
  oeMisUpper: 1.079
  oeSyn: 0.9678
  oeSynLower: 0.854
  oeSynUpper: 1.098
  pli: 0.000000000000000000000000000000053547
  synZ: 0.33739
  exacPli: 0.000000000000000000000000098658
  exacObsLof: 39
  exacExpLof: 39.942
  exacOeLof: 0.97641
hgnc:
  hgncId: "HGNC:18443"
  symbol: PIWIL3
  name: piwi like RNA-mediated gene silencing 3
  locusGroup: protein-coding gene
  locusType: gene with protein product
  status: HGNC_STATUS_APPROVED
  location: 22q11.23
  locationSortable: 22q11.23
  aliasSymbol:
    - HIWI3
  prevName:
    - piwi-like 3 (Drosophila)
  geneGroup:
    - Piwi like RNA-mediated gene silencing family
  geneGroupId:
    - 2038
  dateApprovedReserved: 2002-04-26
  dateNameChanged: 2016-04-19
  dateModified: 2023-01-20
  entrezId: "440822"
  ensemblGeneId: ENSG00000184571
  vegaId: OTTHUMG00000150788
  ucscId: uc003abd.3
  ena:
    - AB079368
  refseqAccession:
    - NM_001008496
  ccdsId:
    - CCDS33623
    - CCDS93133
  uniprotIds:
    - Q7Z3Z3
  pubmedId:
    - 12906857
  omimId:
    - "610314"
  agr: "HGNC:18443"
  maneSelect:
    - ENST00000616349.5
    - NM_001255975.1
ncbi:
  geneId: "440822"
  summary: "This gene encodes a member of the PIWI subfamily of Argonaute family proteins. This subfamily of proteins contains a PAZ domain, found in proteins involved in RNA-mediated gene silencing, and a C-terminal Piwi domain. The encoded protein is thought to function in maintenance of germline cells. Multiple transcript variants encoding different isoforms have been found for this gene. [provided by RefSeq, Dec 2011]"
  rifEntries:
    - text: "PIWIL3 was also a target of CEBPA, forming a positive feedback loop in the growth regulation of glioma cells. Significantly, knockdown of OIP5-AS1 combined with over-expression of PIWIL3 and miR-367-3p resulted in tumor regression and extended survival in vivo."
      pmids:
        - 29464001
    - text: "overexpression of Piwil3 promotes the proliferation, migration and invasion of GC cells partially through JAK2/STAT3 signal pathway."
      pmids:
        - 28869440
    - text: "Our data indicate that PIWIL3 protein expression is elevated in more aggressive primary malignant melanoma(MM )and metastatic disease. As also observed in other malignancies, PIWIL3 seems to play a role in MM progression."
      pmids:
        - 27858163
    - text: individuals with HIWI3 non-synonymous rs11703684 variant genotypes exhibited a significantly reduced oligozoospermia risk
      pmids:
        - 20940137
    - text: Observational study of gene-disease association. (HuGE Navigator)
      pmids:
        - 20940137
    - text: PIWIL3 proteins were expressed in the cytoplasma of human astrocytic glioma and meningioma.
      pmids:
        - 18616918
rcnv:
  hgncId: "HGNC:18443"
  pHaplo: 0.0486643421002606
  pTriplo: 0.916694372703264
gtex:
  hgncId: "HGNC:18443"
  ensemblGeneId: ENSG00000184571
  ensemblGeneVersion: "13"
  records:
    - tissue: GTEX_TISSUE_ADIPOSE_TISSUE
      tissueDetailed: GTEX_TISSUE_DETAILED_ADIPOSE_SUBCUTANEOUS
      tpms:
        - 0
        - 0
        - 0
        - 0
        - 0.06331
    - tissue: GTEX_TISSUE_ADIPOSE_TISSUE
      tissueDetailed: GTEX_TISSUE_DETAILED_ADIPOSE_VISCERAL_OMENTUM
      tpms:
        - 0
        - 0
        - 0
        - 0
        - 0.07315
    - tissue: GTEX_TISSUE_ADRENAL_GLAND
      tissueDetailed: GTEX_TISSUE_DETAILED_ADRENAL_GLAND
      tpms:
        - 0
        - 0
        - 0
        - 0.01032525
        - 0.06594
    - tissue: GTEX_TISSUE_BLADDER
      tissueDetailed: GTEX_TISSUE_DETAILED_BLADDER
      tpms:
        - 0
        - 0
        - 0
        - 0.02571
        - 0.06165
    - tissue: GTEX_TISSUE_BLOOD
      tissueDetailed: GTEX_TISSUE_DETAILED_CELLS_EBV_TRANSFORMED_LYMPHOCYTES
      tpms:
        - 0
        - 0
        - 0
        - 0.0164075
        - 0.1108
    - tissue: GTEX_TISSUE_BLOOD
      tissueDetailed: GTEX_TISSUE_DETAILED_WHOLE_BLOOD
      tpms:
        - 0
        - 0
        - 0
        - 0
        - 0.1419
    - tissue: GTEX_TISSUE_BLOOD_VESSEL
      tissueDetailed: GTEX_TISSUE_DETAILED_ARTERY_AORTA
      tpms:
        - 0
        - 0
        - 0
        - 0
        - 0.08496
    - tissue: GTEX_TISSUE_BLOOD_VESSEL
      tissueDetailed: GTEX_TISSUE_DETAILED_ARTERY_CORONARY
      tpms:
        - 0
        - 0
        - 0
        - 0
        - 0.1158
    - tissue: GTEX_TISSUE_BLOOD_VESSEL
      tissueDetailed: GTEX_TISSUE_DETAILED_ARTERY_TIBIAL
      tpms:
        - 0
        - 0
        - 0
        - 0
        - 0.1774
    - tissue: GTEX_TISSUE_BRAIN
      tissueDetailed: GTEX_TISSUE_DETAILED_BRAIN_AMYGDALA
      tpms:
        - 0
        - 0
        - 0
        - 0.00775925
        - 0.1343
    - tissue: GTEX_TISSUE_BRAIN
      tissueDetailed: GTEX_TISSUE_DETAILED_BRAIN_ANTERIOR_CINGULATE_CORTEX
      tpms:
        - 0
        - 0
        - 0
        - 0.00820075
        - 0.1708
    - tissue: GTEX_TISSUE_BRAIN
      tissueDetailed: GTEX_TISSUE_DETAILED_BRAIN_CAUDATE_BASAL_GANGLIA
      tpms:
        - 0
        - 0
        - 0
        - 0.0130775
        - 0.1131
    - tissue: GTEX_TISSUE_BRAIN
      tissueDetailed: GTEX_TISSUE_DETAILED_BRAIN_CEREBELLAR_HEMISPHERE
      tpms:
        - 0
        - 0
        - 0
        - 0.0098315
        - 0.1062
    - tissue: GTEX_TISSUE_BRAIN
      tissueDetailed: GTEX_TISSUE_DETAILED_BRAIN_CEREBELLUM
      tpms:
        - 0
        - 0
        - 0
        - 0.01286
        - 0.1023
    - tissue: GTEX_TISSUE_BRAIN
      tissueDetailed: GTEX_TISSUE_DETAILED_BRAIN_CORTEX
      tpms:
        - 0
        - 0
        - 0
        - 0.0025575
        - 0.2164
    - tissue: GTEX_TISSUE_BRAIN
      tissueDetailed: GTEX_TISSUE_DETAILED_BRAIN_FRONTAL_CORTEX
      tpms:
        - 0
        - 0
        - 0
        - 0.009578
        - 0.4055
    - tissue: GTEX_TISSUE_BRAIN
      tissueDetailed: GTEX_TISSUE_DETAILED_BRAIN_HIPPOCAMPUS
      tpms:
        - 0
        - 0
        - 0
        - 0.0118
        - 0.1416
    - tissue: GTEX_TISSUE_BRAIN
      tissueDetailed: GTEX_TISSUE_DETAILED_BRAIN_HYPOTHALAMUS
      tpms:
        - 0
        - 0
        - 0
        - 0.0160525
        - 0.184
    - tissue: GTEX_TISSUE_BRAIN
      tissueDetailed: GTEX_TISSUE_DETAILED_BRAIN_NUCLEUS_ACCUMBENS
      tpms:
        - 0
        - 0
        - 0.014075
        - 0.03247
        - 0.7126
    - tissue: GTEX_TISSUE_BRAIN
      tissueDetailed: GTEX_TISSUE_DETAILED_BRAIN_PUTAMEN_BASAL_GANGLIA
      tpms:
        - 0
        - 0
        - 0
        - 0.0073
        - 0.1869
    - tissue: GTEX_TISSUE_BRAIN
      tissueDetailed: GTEX_TISSUE_DETAILED_BRAIN_SPINAL_CORD
      tpms:
        - 0
        - 0
        - 0
        - 0.018425
        - 0.1044
    - tissue: GTEX_TISSUE_BRAIN
      tissueDetailed: GTEX_TISSUE_DETAILED_BRAIN_SUBSTANTIA_NIGRA
      tpms:
        - 0
        - 0
        - 0
        - 0.010585
        - 0.09061
    - tissue: GTEX_TISSUE_BREAST
      tissueDetailed: GTEX_TISSUE_DETAILED_BREAST_MAMMARY_TISSUE
      tpms:
        - 0
        - 0
        - 0
        - 0
        - 0.1259
    - tissue: GTEX_TISSUE_CERVIX_UTERI
      tissueDetailed: GTEX_TISSUE_DETAILED_CERVIX_ECTOCERVIX
      tpms:
        - 0
        - 0
        - 0
        - 0.02849
        - 0.06929
    - tissue: GTEX_TISSUE_CERVIX_UTERI
      tissueDetailed: GTEX_TISSUE_DETAILED_CERVIX_ENDOCERVIX
      tpms:
        - 0
        - 0
        - 0
        - 0.0149525
        - 0.05561
    - tissue: GTEX_TISSUE_COLON
      tissueDetailed: GTEX_TISSUE_DETAILED_COLON_SIGMOID
      tpms:
        - 0
        - 0
        - 0
        - 0
        - 0.1
    - tissue: GTEX_TISSUE_COLON
      tissueDetailed: GTEX_TISSUE_DETAILED_COLON_TRANSVERSE
      tpms:
        - 0
        - 0
        - 0
        - 0.0040425
        - 0.05517
    - tissue: GTEX_TISSUE_ESOPHAGUS
      tissueDetailed: GTEX_TISSUE_DETAILED_ESOPHAGUS_GASTROESOPHAGEAL_JUNCTION
      tpms:
        - 0
        - 0
        - 0
        - 0
        - 0.0989
    - tissue: GTEX_TISSUE_ESOPHAGUS
      tissueDetailed: GTEX_TISSUE_DETAILED_ESOPHAGUS_MUCOSA
      tpms:
        - 0
        - 0
        - 0
        - 0
        - 0.06134
    - tissue: GTEX_TISSUE_ESOPHAGUS
      tissueDetailed: GTEX_TISSUE_DETAILED_ESOPHAGUS_MUSCULARIS
      tpms:
        - 0
        - 0
        - 0
        - 0
        - 0.2338
    - tissue: GTEX_TISSUE_FALLOPIAN_TUBE
      tissueDetailed: GTEX_TISSUE_DETAILED_FALLOPIAN_TUBE
      tpms:
        - 0
        - 0
        - 0
        - 0
        - 0.0338
    - tissue: GTEX_TISSUE_HEART
      tissueDetailed: GTEX_TISSUE_DETAILED_HEART_ATRIAL_APPENDAGE
      tpms:
        - 0
        - 0
        - 0
        - 0
        - 0.04051
    - tissue: GTEX_TISSUE_HEART
      tissueDetailed: GTEX_TISSUE_DETAILED_HEART_LEFT_VENTRICLE
      tpms:
        - 0
        - 0
        - 0
        - 0
        - 0.03677
    - tissue: GTEX_TISSUE_KIDNEY
      tissueDetailed: GTEX_TISSUE_DETAILED_KIDNEY_CORTEX
      tpms:
        - 0
        - 0
        - 0
        - 0.005114
        - 0.06145
    - tissue: GTEX_TISSUE_KIDNEY
      tissueDetailed: GTEX_TISSUE_DETAILED_KIDNEY_MEDULLA
      tpms:
        - 0
        - 0
        - 0.0085
        - 0.0171225
        - 0.01749
    - tissue: GTEX_TISSUE_LIVER
      tissueDetailed: GTEX_TISSUE_DETAILED_LIVER
      tpms:
        - 0
        - 0
        - 0
        - 0.0051385
        - 0.04779
    - tissue: GTEX_TISSUE_LUNG
      tissueDetailed: GTEX_TISSUE_DETAILED_LUNG
      tpms:
        - 0
        - 0
        - 0
        - 0.00446475
        - 0.1382
    - tissue: GTEX_TISSUE_MUSCLE
      tissueDetailed: GTEX_TISSUE_DETAILED_MUSCLE_SKELETAL
      tpms:
        - 0
        - 0
        - 0
        - 0
        - 0.09064
    - tissue: GTEX_TISSUE_NERVE
      tissueDetailed: GTEX_TISSUE_DETAILED_NERVE_TIBIAL
      tpms:
        - 0
        - 0
        - 0
        - 0
        - 0.1015
    - tissue: GTEX_TISSUE_OVARY
      tissueDetailed: GTEX_TISSUE_DETAILED_OVARY
      tpms:
        - 0
        - 0
        - 0
        - 0.027695
        - 5.006
    - tissue: GTEX_TISSUE_PANCREAS
      tissueDetailed: GTEX_TISSUE_DETAILED_PANCREAS
      tpms:
        - 0
        - 0
        - 0
        - 0
        - 0.0563
    - tissue: GTEX_TISSUE_PITUITARY
      tissueDetailed: GTEX_TISSUE_DETAILED_PITUITARY
      tpms:
        - 0
        - 0
        - 0
        - 0
        - 0.5924
    - tissue: GTEX_TISSUE_PROSTATE
      tissueDetailed: GTEX_TISSUE_DETAILED_PROSTATE
      tpms:
        - 0
        - 0
        - 0
        - 0.007268
        - 0.07603
    - tissue: GTEX_TISSUE_SALIVARY_GLAND
      tissueDetailed: GTEX_TISSUE_DETAILED_MINOR_SALIVARY_GLAND
      tpms:
        - 0
        - 0
        - 0
        - 0.004467
        - 0.03965
    - tissue: GTEX_TISSUE_SKIN
      tissueDetailed: GTEX_TISSUE_DETAILED_CELLS_CULTURED_FIBROBLASTS
      tpms:
        - 0
        - 0
        - 0
        - 0
        - 0.1673
    - tissue: GTEX_TISSUE_SKIN
      tissueDetailed: GTEX_TISSUE_DETAILED_SKIN_NOT_SUN_EXPOSED_SUPRAPUBIC
      tpms:
        - 0
        - 0
        - 0
        - 0.0201675
        - 0.1817
    - tissue: GTEX_TISSUE_SKIN
      tissueDetailed: GTEX_TISSUE_DETAILED_SKIN_SUN_EXPOSED_LOWER_LEG
      tpms:
        - 0
        - 0
        - 0
        - 0.01112
        - 0.08325
    - tissue: GTEX_TISSUE_SMALL_INTESTINE
      tissueDetailed: GTEX_TISSUE_DETAILED_SMALL_INTESTINE_TERMINAL_ILEUM
      tpms:
        - 0
        - 0
        - 0
        - 0.010725
        - 0.06451
    - tissue: GTEX_TISSUE_SPLEEN
      tissueDetailed: GTEX_TISSUE_DETAILED_SPLEEN
      tpms:
        - 0
        - 0
        - 0
        - 0.01789
        - 0.1054
    - tissue: GTEX_TISSUE_STOMACH
      tissueDetailed: GTEX_TISSUE_DETAILED_STOMACH
      tpms:
        - 0
        - 0
        - 0
        - 0
        - 0.05566
    - tissue: GTEX_TISSUE_TESTIS
      tissueDetailed: GTEX_TISSUE_DETAILED_TESTIS
      tpms:
        - 0.1459
        - 0.7177
        - 0.9332
        - 1.191
        - 2.754
    - tissue: GTEX_TISSUE_THYROID
      tissueDetailed: GTEX_TISSUE_DETAILED_THYROID
      tpms:
        - 0
        - 0
        - 0
        - 0.01028
        - 0.09536
    - tissue: GTEX_TISSUE_UTERUS
      tissueDetailed: GTEX_TISSUE_DETAILED_UTERUS
      tpms:
        - 0
        - 0
        - 0
        - 0
        - 0.09313
    - tissue: GTEX_TISSUE_VAGINA
      tissueDetailed: GTEX_TISSUE_DETAILED_VAGINA
      tpms:
        - 0
        - 0
        - 0
        - 0.00689725
        - 0.06689
domino:
  geneSymbol: PIWIL3
  score: 0.10177322
decipherHi:
  hgncId: "HGNC:18443"
  hgncSymbol: PIWIL3
  pHi: 0.00067048
  hiIndex: 97.43

