---
source: src/strucvars/data/clingen_dosage/io.rs
expression: "&regions[0..5]"
---
- isca_id: ISCA-46748
  isca_region_name: 19p13.3 Critical Region 1 (CR1)
  genomic_location: tbd
  haploinsufficiency_score: 0
  triplosensitivity_score: 1
  haploinsufficiency_disease_id: ~
  triplosensitivity_disease_id: "MONDO:0100038"
- isca_id: ISCA-46747
  isca_region_name: "22q11.2 recurrent region (distal type III, E/F-H) (includes SMARCB1)"
  genomic_location: "22:23119415-24994433"
  haploinsufficiency_score: 3
  triplosensitivity_score: 1
  haploinsufficiency_disease_id: ~
  triplosensitivity_disease_id: ~
- isca_id: ISCA-46743
  isca_region_name: Xq25 region (includes STAG2)
  genomic_location: "X:123034319-123236519"
  haploinsufficiency_score: 3
  triplosensitivity_score: 3
  haploinsufficiency_disease_id: ~
  triplosensitivity_disease_id: "MONDO:0100038"
- isca_id: ISCA-46742
  isca_region_name: 7p22.1 region (includes ACTB)
  genomic_location: "7:5536848-5799722"
  haploinsufficiency_score: 3
  triplosensitivity_score: 1
  haploinsufficiency_disease_id: "MONDO:0000508"
  triplosensitivity_disease_id: "MONDO:0100038"
- isca_id: ISCA-46739
  isca_region_name: Yq11.223 population region (DGV_Gold_Standard_June_2021_gssvL138428)
  genomic_location: "Y:25853189-26146959"
  haploinsufficiency_score: 40
  triplosensitivity_score: 0
  haploinsufficiency_disease_id: ~
  triplosensitivity_disease_id: ~

