---
source: src/strucvars/ds.rs
expression: sv
---
chrom: "1"
start: 1000
stop: 2000
svtype: dup
ambiguous_range: ~

